// Jest Snapshot v1, https://goo.gl/fbAQLP

exports[`CollectionItem component should render CollectionItem component 1`] = `
<DocumentFragment>
  <div
    class="sc-bwzfXH srITS"
  >
    <div
      class="sc-htpNat dTlvyq"
      data-testid="image"
    />
    <div
      class="sc-bxivhb oDKzY"
    >
      <span
        class="sc-EHOje ckFQmK"
        data-testid="title"
      >
        Winter falls
      </span>
      <span
        class="sc-bZQynM bjXVPL"
        data-testid="price"
      >
        100 â‚¬
      </span>
    </div>
    <a
      class="sc-gzVnrw jnQMmI"
      data-testid="link"
      href="/login"
    >
      <h2
        class="sc-htoDjs bRjjzo"
      >
        Sign in required
      </h2>
    </a>
  </div>
</DocumentFragment>
`;
