// Jest Snapshot v1, https://goo.gl/fbAQLP

exports[`Button component should render Button component 1`] = `
<DocumentFragment>
  <button
    class="sc-bdVaJa hxbRql"
  >
    Sign in
  </button>
</DocumentFragment>
`;
