// Jest Snapshot v1, https://goo.gl/fbAQLP

exports[`Spinner component should render Spinner component 1`] = `
<DocumentFragment>
  <div
    class="sc-bdVaJa cSTxTA"
  >
    <div
      class="sc-bwzfXH fZfiXf"
      data-testid="spinner"
    />
  </div>
</DocumentFragment>
`;
