// Jest Snapshot v1, https://goo.gl/fbAQLP

exports[`CollectionPage component should render CollectionPage component 1`] = `
<DocumentFragment>
  <div
    class="sc-cSHVUG eDNIQr"
    data-testid="container"
  />
</DocumentFragment>
`;
